C:\Users\athar\OneDrive\Desktop\New_test_proj\A2_2022550_AP\src\main\java\org\example\SpecialDeal.java
C:\Users\athar\OneDrive\Desktop\New_test_proj\A2_2022550_AP\src\main\java\org\example\Feedback.java
C:\Users\athar\OneDrive\Desktop\New_test_proj\A2_2022550_AP\src\main\java\org\example\Visitor.java
C:\Users\athar\OneDrive\Desktop\New_test_proj\A2_2022550_AP\src\main\java\org\example\Animal.java
C:\Users\athar\OneDrive\Desktop\New_test_proj\A2_2022550_AP\src\main\java\org\example\Attraction.java
C:\Users\athar\OneDrive\Desktop\New_test_proj\A2_2022550_AP\src\main\java\org\example\VisitorManager.java
C:\Users\athar\OneDrive\Desktop\New_test_proj\A2_2022550_AP\src\main\java\org\example\Animals.java
C:\Users\athar\OneDrive\Desktop\New_test_proj\A2_2022550_AP\src\main\java\org\example\Discount.java
C:\Users\athar\OneDrive\Desktop\New_test_proj\A2_2022550_AP\src\main\java\org\example\Main.java
C:\Users\athar\OneDrive\Desktop\New_test_proj\A2_2022550_AP\src\main\java\org\example\SpecialDealsManager.java
C:\Users\athar\OneDrive\Desktop\New_test_proj\A2_2022550_AP\src\main\java\org\example\Attractions.java
C:\Users\athar\OneDrive\Desktop\New_test_proj\A2_2022550_AP\src\main\java\org\example\DiscountManager.java
